// Jest Snapshot v1, https://goo.gl/fbAQLP

exports[`Header renders correctly 1`] = `
<header
  className="sc-bdVaJa iWAvBx"
  style={
    Object {
      "filter": "hue-rotate(NaNrad)",
    }
  }
>
  <h1
    style={
      Object {
        "marginBottom": "0px",
        "marginLeft": "10px",
      }
    }
  >
    <a
      href="/"
      style={
        Object {
          "color": "white",
          "textDecoration": "none",
        }
      }
    >
      Default Starter
    </a>
  </h1>
  <div>
    <div
      className=" gatsby-image-wrapper"
      style={
        Object {
          "display": "inline-block",
          "height": 83,
          "overflow": "hidden",
          "position": "relative",
          "width": 200,
        }
      }
    >
      <img
        alt=""
        aria-hidden={true}
        src="data:image/png;base64,iVBORw0KGgoAAAANSUhEUgAAABQAAAAICAYAAAGOmu97AAAACXBIWXMAAAPoAAAD6AG1e1JrAAAB/klEQVQoz32S2UtUcRTHP0UQgYGWL0K9hFFB2JTLgLSjUpMITo5mak6SmluLk2aLjrYZZtCeBW5pSb0E1VMk5INbf0H/hNCUQsude/pep+ceDpf7u+ec3+d8zoWq9jVkjf2gsiMGBx4nse+pC8lfVlB8Y4ibhcaJduNWQIfHrkLqdAa5gzGO9C0q+xdsmFxF2lSM4DUjUm1KMjgZSaalDvrzoKTnIwX3jFC3Szji0tDo0lHuEooqMWusmZ0Tzzl810iZN8o6jb0DRr4KjvYYLbW2XMzxy7mUX9kkMEj/sEDOaIw9z76T98Ao7Yrp+zc1KIKKS5lsewudJaX4JpYE6urMu9br5tJc72iIEDTVowoE/5WMN3Ee7naXhzjdZHQXG9FgnPWzZZB/P5vM8Z+6ztjyzqhpNQ4+Mg6J+dTZxPu6uSiqhLZKRRWStl1cawn0ezLT2fXSJXDHCF5PKKpuM2rPCKnO5WKF0RswEXiiE8JT5nRzOLJayWls/ARaiCKFV1sHhb4o5CX2P/FIXIp6TQJEct5obEhYO1djAnFpDccp6zJSZzRzzqi3Y/CPQPaLCmmOs/n9ggjj+IcdPic5zK90NImjfTmELzgS54jQoa/AYcD/R7/Eb/00JjeFajQ8JD8j7Hgd1i59kunTPm+LeEpNZxTT/57/Cy9nVjH5F3aN9raPxSaMAAAAAElFTkSuQmCC"
        style={
          Object {
            "height": "100%",
            "left": 0,
            "objectFit": "cover",
            "objectPosition": "center",
            "opacity": 1,
            "position": "absolute",
            "top": 0,
            "transitionDelay": "500ms",
            "width": "100%",
          }
        }
      />
      <picture>
        <source
          srcSet="/static/48feca0b8b79eef483ad5b6ffa6bd751/2e390/thinking-about-code.png 1x,
/static/48feca0b8b79eef483ad5b6ffa6bd751/4fd8b/thinking-about-code.png 1.5x,
/static/48feca0b8b79eef483ad5b6ffa6bd751/8c670/thinking-about-code.png 2x"
        />
        <img
          alt=""
          height={83}
          loading="lazy"
          onLoad={[Function]}
          src="/static/48feca0b8b79eef483ad5b6ffa6bd751/2e390/thinking-about-code.png"
          srcSet="/static/48feca0b8b79eef483ad5b6ffa6bd751/2e390/thinking-about-code.png 1x,
/static/48feca0b8b79eef483ad5b6ffa6bd751/4fd8b/thinking-about-code.png 1.5x,
/static/48feca0b8b79eef483ad5b6ffa6bd751/8c670/thinking-about-code.png 2x"
          style={
            Object {
              "height": "100%",
              "left": 0,
              "objectFit": "cover",
              "objectPosition": "center",
              "opacity": 0,
              "position": "absolute",
              "top": 0,
              "transition": "opacity 500ms",
              "width": "100%",
            }
          }
          width={200}
        />
      </picture>
      <noscript
        dangerouslySetInnerHTML={
          Object {
            "__html": "<picture><source srcset=\\"/static/48feca0b8b79eef483ad5b6ffa6bd751/2e390/thinking-about-code.png 1x,
/static/48feca0b8b79eef483ad5b6ffa6bd751/4fd8b/thinking-about-code.png 1.5x,
/static/48feca0b8b79eef483ad5b6ffa6bd751/8c670/thinking-about-code.png 2x\\" /><img loading=\\"lazy\\" width=\\"200\\" height=\\"83\\" srcset=\\"/static/48feca0b8b79eef483ad5b6ffa6bd751/2e390/thinking-about-code.png 1x,
/static/48feca0b8b79eef483ad5b6ffa6bd751/4fd8b/thinking-about-code.png 1.5x,
/static/48feca0b8b79eef483ad5b6ffa6bd751/8c670/thinking-about-code.png 2x\\" src=\\"/static/48feca0b8b79eef483ad5b6ffa6bd751/2e390/thinking-about-code.png\\" alt=\\"\\" style=\\"position:absolute;top:0;left:0;opacity:1;width:100%;height:100%;object-fit:cover;object-position:center\\"/></picture>",
          }
        }
      />
    </div>
  </div>
</header>
`;
